DelegateContractIdTest.fromBytes=[
  "0.0.5005"
]


DelegateContractIdTest.fromSolidityAddress=[
  "0.0.5005"
]


DelegateContractIdTest.fromSolidityAddressWith0x=[
  "0.0.5005"
]


DelegateContractIdTest.fromString=[
  "0.0.5005"
]


DelegateContractIdTest.toBytes=[
  "188d27"
]


DelegateContractIdTest.toSolidityAddress=[
  "000000000000000000000000000000000000138d"
]