FileIdTest.fromBytes=[
  "0.0.5005"
]


FileIdTest.fromSolidityAddress=[
  "0.0.5005"
]


FileIdTest.getAddressBookFileIdForReturnsCorrectFileId=[
  "5.10.102"
]


FileIdTest.getExchangeRatesFileIdForReturnsCorrectFileId=[
  "3.9.112"
]


FileIdTest.getFeeScheduleFileIdForReturnsCorrectFileId=[
  "7.12.111"
]


FileIdTest.shouldSerializeFromString=[
  "0.0.5005"
]


FileIdTest.toBytes=[
  "188d27"
]


FileIdTest.toSolidityAddress=[
  "000000000000000000000000000000000000138d"
]