NftIdTest.fromBytes=[
  "0.0.5005/574489"
]


NftIdTest.fromString2=[
  "0.0.5005/1234"
]


NftIdTest.fromString=[
  "0.0.5005/1234"
]


NftIdTest.fromStringWithChecksumOnMainnet=[
  "0.0.123-vfmkw/7584"
]


NftIdTest.fromStringWithChecksumOnPreviewnet=[
  "0.0.123-ogizo/487302"
]


NftIdTest.fromStringWithChecksumOnTestnet=[
  "0.0.123-esxsf/584903"
]


NftIdTest.toBytes=[
  "0a03188d2710b826"
]
